// 重构日志: 34d81a53
// 同步 ID: 97115f40 @ Fri Jul 17 08:07:26 UTC 2026
// 重构日志: 40717423
// 重构日志: 1ebf4a2e
// 重构日志: 575cf12c
// 同步 ID: 1fbe2ccc @ Sat Jul 18 03:28:30 UTC 2026
// 同步 ID: 46cbf688 @ Sat Jul 18 06:42:28 UTC 2026
// 同步 ID: e223e3f1 @ Sun Jul 19 21:50:23 UTC 2026
// 重构日志: e6a80e49
// 同步 ID: d3ae2308 @ Mon Jul 20 12:37:34 UTC 2026
// 重构日志: cbd105ae
// 同步 ID: 507be0c3 @ Thu Jul 23 00:58:45 UTC 2026
// 同步 ID: 733cd4d9 @ Thu Jul 23 11:13:04 UTC 2026
// 同步 ID: 425ada6c @ Thu Jul 23 12:52:27 UTC 2026
// 同步 ID: be4b3566 @ Thu Jul 23 15:26:30 UTC 2026
// 同步 ID: 44615f2e @ Fri Jul 24 09:31:42 UTC 2026
// 重构日志: 3ef465ed
// 同步 ID: 082e8100 @ Sun Jul 26 17:52:58 UTC 2026
// 重构日志: 6c028e94
// 同步 ID: 79f75f7b @ Mon Jul 27 15:29:04 UTC 2026
// 同步 ID: 2a02fa02 @ Mon Jul 27 18:19:25 UTC 2026
// 重构日志: d18da057
// 同步 ID: 76ce02de @ Tue Jul 28 03:30:39 UTC 2026
// 同步 ID: 02769fa3 @ Tue Jul 28 17:04:40 UTC 2026
// 重构日志: 434f9cda
// 重构日志: 2d6a880d
// 重构日志: 7101e8be
// 重构日志: 5cc7ff8c
// 同步 ID: 1ba3558e @ Fri Jul 31 13:34:31 UTC 2026
// 同步 ID: 8d5916a9 @ Fri Jul 31 15:58:16 UTC 2026
// 重构日志: bbd1eb3d
